============================================
Ablation Study: bce_heavy
Config: configs/ablation/bce_heavy.yaml
Started at Sun Mar  1 16:11:24 EST 2026
GPU: NVIDIA A100 80GB PCIe
Python: /SEAS/home/g37014071/.conda/envs/specialsam/bin/python
============================================

[Step 1/2] Training decoder: bce_heavy
Training for 15 epochs on 6080 samples...
  LR scheduler: cosine, warmup: 1 epochs
Epoch 1/15 | Loss: 0.1195 | LR: 1.00e-04
Epoch 2/15 | Loss: 0.1063 | LR: 1.00e-04
Epoch 3/15 | Loss: 0.0995 | LR: 9.88e-05
Epoch 4/15 | Loss: 0.0952 | LR: 9.51e-05
Epoch 5/15 | Loss: 0.0905 | LR: 8.92e-05
Epoch 6/15 | Loss: 0.0864 | LR: 8.14e-05
Epoch 7/15 | Loss: 0.0809 | LR: 7.20e-05
Epoch 8/15 | Loss: 0.0763 | LR: 6.15e-05
Epoch 9/15 | Loss: 0.0726 | LR: 5.05e-05
Epoch 10/15 | Loss: 0.0683 | LR: 3.95e-05
Epoch 11/15 | Loss: 0.0654 | LR: 2.90e-05
Epoch 12/15 | Loss: 0.0625 | LR: 1.96e-05
Epoch 13/15 | Loss: 0.0603 | LR: 1.18e-05
Epoch 14/15 | Loss: 0.0582 | LR: 5.90e-06
Epoch 15/15 | Loss: 0.0574 | LR: 2.24e-06
Saved decoder to checkpoints/ablation/camo_decoder_bce_heavy.pth
Training complete. Decoder saved to: checkpoints/ablation/camo_decoder_bce_heavy.pth

[Step 2/2] Evaluating decoder: bce_heavy

============================================================
Evaluating: bce_heavy
  Decoder:  checkpoints/ablation/camo_decoder_bce_heavy.pth
  Samples:  500
============================================================
Found 4000 images in data/cod10k/COD10K-v3/Test/Image
Found 4000 masks in data/cod10k/COD10K-v3/Test/GT_Object
Matched 4000 image-mask pairs
Using 500 samples (max_samples=500)

Evaluating SPECIALIZED model on 500 samples
  Testing: Center-of-Mass (Single)
    Processed 50/500
    Processed 100/500
    Processed 150/500
    Processed 200/500
    Processed 250/500
    Processed 300/500
    Processed 350/500
    Processed 400/500
    Processed 450/500
    Processed 500/500
    mIoU=0.7076, S-alpha=0.8175, MAE=0.0443
  Testing: Multi-Point Grid (4 pts)
    Processed 50/500
    Processed 100/500
    Processed 150/500
    Processed 200/500
    Processed 250/500
    Processed 300/500
    Processed 350/500
    Processed 400/500
    Processed 450/500
    Processed 500/500
    mIoU=0.7304, S-alpha=0.8345, MAE=0.0394

Results saved to: results/ablation/bce_heavy_results.csv

==========================================================================================
ABLATION STUDY: Loss Function Configuration Comparison
==========================================================================================

Prompt Strategy: Center-of-Mass (Single)
------------------------------------------------------------------------------------------
Variant                BCE  Dice    mIoU    Dice  S-alpha   E-phi F-beta-w     MAE   BndF1
------------------------------------------------------------------------------------------
bce_heavy                ?     ?  0.7076  0.7890   0.8175  0.9246   0.7809  0.0443  0.6648


Prompt Strategy: Multi-Point Grid (4 pts)
------------------------------------------------------------------------------------------
Variant                BCE  Dice    mIoU    Dice  S-alpha   E-phi F-beta-w     MAE   BndF1
------------------------------------------------------------------------------------------
bce_heavy                ?     ?  0.7304  0.8116   0.8345  0.9349   0.8141  0.0394  0.6819

==========================================================================================
BEST VARIANTS (first prompt strategy)
------------------------------------------------------------------------------------------
  mIoU        : bce_heavy            (0.7076)
  Dice        : bce_heavy            (0.7890)
  S-alpha     : bce_heavy            (0.8175)
  E-phi       : bce_heavy            (0.9246)
  F-beta-w    : bce_heavy            (0.7809)
  MAE         : bce_heavy            (0.0443)
==========================================================================================
Comparison table saved to: results/ablation/ablation_comparison_table.txt

============================================
Ablation bce_heavy finished at Sun Mar  1 17:40:58 EST 2026
============================================
