============================================
Prompt Ablation: point_only
Config: configs/ablation/prompt_point_only.yaml
Started at Sun Mar 29 15:13:20 EDT 2026
GPU: NVIDIA A100 80GB PCIe
============================================
[Step 1/2] Training decoder: point_only
Training for 15 epochs on 6080 samples...
  LR scheduler: cosine, warmup: 1 epochs
Epoch 1/15 | Loss: 0.1667 | LR: 1.00e-04
Epoch 2/15 | Loss: 0.1480 | LR: 1.00e-04
Epoch 3/15 | Loss: 0.1384 | LR: 9.88e-05
Epoch 4/15 | Loss: 0.1253 | LR: 9.51e-05
Epoch 5/15 | Loss: 0.1192 | LR: 8.92e-05
Epoch 6/15 | Loss: 0.1107 | LR: 8.14e-05
Epoch 7/15 | Loss: 0.1020 | LR: 7.20e-05
Epoch 8/15 | Loss: 0.0955 | LR: 6.15e-05
Epoch 9/15 | Loss: 0.0887 | LR: 5.05e-05
Epoch 10/15 | Loss: 0.0829 | LR: 3.95e-05
Epoch 11/15 | Loss: 0.0782 | LR: 2.90e-05
Epoch 12/15 | Loss: 0.0739 | LR: 1.96e-05
Epoch 13/15 | Loss: 0.0703 | LR: 1.18e-05
Epoch 14/15 | Loss: 0.0682 | LR: 5.90e-06
Epoch 15/15 | Loss: 0.0666 | LR: 2.24e-06
Saved decoder to checkpoints/ablation/camo_decoder_point_only.pth
[Step 2/2] Evaluating decoder: point_only

============================================================
Evaluating: point_only
  Decoder:  checkpoints/ablation/camo_decoder_point_only.pth
  Samples:  all
============================================================
Found 4000 images in data/cod10k/COD10K-v3/Test/Image
Found 4000 masks in data/cod10k/COD10K-v3/Test/GT_Object
Matched 4000 image-mask pairs
Using all 4000 samples

Evaluating SPECIALIZED model on 4000 samples
  Testing: Center-of-Mass (Single)
    Processed 50/4000
    Processed 100/4000
    Processed 150/4000
    Processed 200/4000
    Processed 250/4000
    Processed 300/4000
    Processed 350/4000
    Processed 400/4000
    Processed 450/4000
    Processed 500/4000
    Processed 550/4000
    Processed 600/4000
    Processed 650/4000
    Processed 700/4000
    Processed 750/4000
    Processed 800/4000
    Processed 850/4000
    Processed 900/4000
    Processed 950/4000
    Processed 1000/4000
    Processed 1050/4000
    Processed 1100/4000
    Processed 1150/4000
    Processed 1200/4000
    Processed 1250/4000
    Processed 1300/4000
    Processed 1350/4000
    Processed 1400/4000
    Processed 1450/4000
    Processed 1500/4000
    Processed 1550/4000
    Processed 1600/4000
    Processed 1650/4000
    Processed 1700/4000
    Processed 1750/4000
    Processed 1800/4000
    Processed 1850/4000
    Processed 1900/4000
    Processed 1950/4000
    Processed 2000/4000
    mIoU=0.7287, S-alpha=0.8392, MAE=0.0290
  Testing: Edge (Single)
    Processed 50/4000
    Processed 100/4000
    Processed 150/4000
    Processed 200/4000
    Processed 250/4000
    Processed 300/4000
    Processed 350/4000
    Processed 400/4000
    Processed 450/4000
    Processed 500/4000
    Processed 550/4000
    Processed 600/4000
    Processed 650/4000
    Processed 700/4000
    Processed 750/4000
    Processed 800/4000
    Processed 850/4000
    Processed 900/4000
    Processed 950/4000
    Processed 1000/4000
    Processed 1050/4000
    Processed 1100/4000
    Processed 1150/4000
    Processed 1200/4000
    Processed 1250/4000
    Processed 1300/4000
    Processed 1350/4000
    Processed 1400/4000
    Processed 1450/4000
    Processed 1500/4000
    Processed 1550/4000
    Processed 1600/4000
    Processed 1650/4000
    Processed 1700/4000
    Processed 1750/4000
    Processed 1800/4000
    Processed 1850/4000
    Processed 1900/4000
    Processed 1950/4000
    Processed 2000/4000
    mIoU=0.6732, S-alpha=0.7956, MAE=0.0369
  Testing: Multi-Point Grid (4 pts)
    Processed 50/4000
    Processed 100/4000
    Processed 150/4000
    Processed 200/4000
    Processed 250/4000
    Processed 300/4000
    Processed 350/4000
    Processed 400/4000
    Processed 450/4000
    Processed 500/4000
    Processed 550/4000
    Processed 600/4000
    Processed 650/4000
    Processed 700/4000
    Processed 750/4000
    Processed 800/4000
    Processed 850/4000
    Processed 900/4000
    Processed 950/4000
    Processed 1000/4000
    Processed 1050/4000
    Processed 1100/4000
    Processed 1150/4000
    Processed 1200/4000
    Processed 1250/4000
    Processed 1300/4000
    Processed 1350/4000
    Processed 1400/4000
    Processed 1450/4000
    Processed 1500/4000
    Processed 1550/4000
    Processed 1600/4000
    Processed 1650/4000
    Processed 1700/4000
    Processed 1750/4000
    Processed 1800/4000
    Processed 1850/4000
    Processed 1900/4000
    Processed 1950/4000
    Processed 2000/4000
    mIoU=0.7472, S-alpha=0.8516, MAE=0.0255
  Testing: Multi-Point Random (3 pts)
    Processed 50/4000
    Processed 100/4000
    Processed 150/4000
    Processed 200/4000
    Processed 250/4000
    Processed 300/4000
    Processed 350/4000
    Processed 400/4000
    Processed 450/4000
    Processed 500/4000
    Processed 550/4000
    Processed 600/4000
    Processed 650/4000
    Processed 700/4000
    Processed 750/4000
    Processed 800/4000
    Processed 850/4000
    Processed 900/4000
    Processed 950/4000
    Processed 1000/4000
    Processed 1050/4000
    Processed 1100/4000
    Processed 1150/4000
    Processed 1200/4000
    Processed 1250/4000
    Processed 1300/4000
    Processed 1350/4000
    Processed 1400/4000
    Processed 1450/4000
    Processed 1500/4000
    Processed 1550/4000
    Processed 1600/4000
    Processed 1650/4000
    Processed 1700/4000
    Processed 1750/4000
    Processed 1800/4000
    Processed 1850/4000
    Processed 1900/4000
    Processed 1950/4000
    Processed 2000/4000
    mIoU=0.7664, S-alpha=0.8650, MAE=0.0227

Results saved to: results/ablation/point_only_results.csv

==========================================================================================
ABLATION STUDY: Loss Function Configuration Comparison
==========================================================================================

Prompt Strategy: Center-of-Mass (Single)
------------------------------------------------------------------------------------------
Variant                BCE  Dice    mIoU    Dice  S-alpha   E-phi F-beta-w     MAE   BndF1
------------------------------------------------------------------------------------------
point_only               ?     ?  0.7287  0.8102   0.8392  0.9403   0.8095  0.0290  0.6899


Prompt Strategy: Edge (Single)
------------------------------------------------------------------------------------------
Variant                BCE  Dice    mIoU    Dice  S-alpha   E-phi F-beta-w     MAE   BndF1
------------------------------------------------------------------------------------------
point_only               ?     ?  0.6732  0.7606   0.7956  0.9152   0.7296  0.0369  0.6397


Prompt Strategy: Multi-Point Grid (4 pts)
------------------------------------------------------------------------------------------
Variant                BCE  Dice    mIoU    Dice  S-alpha   E-phi F-beta-w     MAE   BndF1
------------------------------------------------------------------------------------------
point_only               ?     ?  0.7472  0.8278   0.8516  0.9481   0.8289  0.0255  0.7068


Prompt Strategy: Multi-Point Random (3 pts)
------------------------------------------------------------------------------------------
Variant                BCE  Dice    mIoU    Dice  S-alpha   E-phi F-beta-w     MAE   BndF1
------------------------------------------------------------------------------------------
point_only               ?     ?  0.7664  0.8484   0.8650  0.9544   0.8487  0.0227  0.7239

==========================================================================================
BEST VARIANTS (first prompt strategy)
------------------------------------------------------------------------------------------
  mIoU        : point_only           (0.7287)
  Dice        : point_only           (0.8102)
  S-alpha     : point_only           (0.8392)
  E-phi       : point_only           (0.9403)
  F-beta-w    : point_only           (0.8095)
  MAE         : point_only           (0.0290)
==========================================================================================
Comparison table saved to: results/ablation/ablation_comparison_table.txt
Prompt ablation point_only finished at Sun Mar 29 18:56:17 EDT 2026
