============================================
Ablation Study: dice_heavy
Config: configs/ablation/dice_heavy.yaml
Started at Sun Mar  1 16:18:54 EST 2026
GPU: NVIDIA A100 80GB PCIe
Python: /SEAS/home/g37014071/.conda/envs/specialsam/bin/python
============================================

[Step 1/2] Training decoder: dice_heavy
Training for 15 epochs on 6080 samples...
  LR scheduler: cosine, warmup: 1 epochs
Epoch 1/15 | Loss: 0.1640 | LR: 1.00e-04
Epoch 2/15 | Loss: 0.1472 | LR: 1.00e-04
Epoch 3/15 | Loss: 0.1383 | LR: 9.88e-05
Epoch 4/15 | Loss: 0.1351 | LR: 9.51e-05
Epoch 5/15 | Loss: 0.1266 | LR: 8.92e-05
Epoch 6/15 | Loss: 0.1228 | LR: 8.14e-05
Epoch 7/15 | Loss: 0.1166 | LR: 7.20e-05
Epoch 8/15 | Loss: 0.1100 | LR: 6.15e-05
Epoch 9/15 | Loss: 0.1054 | LR: 5.05e-05
Epoch 10/15 | Loss: 0.1002 | LR: 3.95e-05
Epoch 11/15 | Loss: 0.0957 | LR: 2.90e-05
Epoch 12/15 | Loss: 0.0912 | LR: 1.96e-05
Epoch 13/15 | Loss: 0.0890 | LR: 1.18e-05
Epoch 14/15 | Loss: 0.0855 | LR: 5.90e-06
Epoch 15/15 | Loss: 0.0850 | LR: 2.24e-06
Saved decoder to checkpoints/ablation/camo_decoder_dice_heavy.pth
Training complete. Decoder saved to: checkpoints/ablation/camo_decoder_dice_heavy.pth

[Step 2/2] Evaluating decoder: dice_heavy

============================================================
Evaluating: dice_heavy
  Decoder:  checkpoints/ablation/camo_decoder_dice_heavy.pth
  Samples:  500
============================================================
Found 4000 images in data/cod10k/COD10K-v3/Test/Image
Found 4000 masks in data/cod10k/COD10K-v3/Test/GT_Object
Matched 4000 image-mask pairs
Using 500 samples (max_samples=500)

Evaluating SPECIALIZED model on 500 samples
  Testing: Center-of-Mass (Single)
    Processed 50/500
    Processed 100/500
    Processed 150/500
    Processed 200/500
    Processed 250/500
    Processed 300/500
    Processed 350/500
    Processed 400/500
    Processed 450/500
    Processed 500/500
    mIoU=0.7285, S-alpha=0.8291, MAE=0.0427
  Testing: Multi-Point Grid (4 pts)
    Processed 50/500
    Processed 100/500
    Processed 150/500
    Processed 200/500
    Processed 250/500
    Processed 300/500
    Processed 350/500
    Processed 400/500
    Processed 450/500
    Processed 500/500
    mIoU=0.7424, S-alpha=0.8402, MAE=0.0371

Results saved to: results/ablation/dice_heavy_results.csv

==========================================================================================
ABLATION STUDY: Loss Function Configuration Comparison
==========================================================================================

Prompt Strategy: Center-of-Mass (Single)
------------------------------------------------------------------------------------------
Variant                BCE  Dice    mIoU    Dice  S-alpha   E-phi F-beta-w     MAE   BndF1
------------------------------------------------------------------------------------------
dice_heavy               ?     ?  0.7285  0.8096   0.8291  0.9319   0.8009  0.0427  0.6826


Prompt Strategy: Multi-Point Grid (4 pts)
------------------------------------------------------------------------------------------
Variant                BCE  Dice    mIoU    Dice  S-alpha   E-phi F-beta-w     MAE   BndF1
------------------------------------------------------------------------------------------
dice_heavy               ?     ?  0.7424  0.8233   0.8402  0.9381   0.8163  0.0371  0.6890

==========================================================================================
BEST VARIANTS (first prompt strategy)
------------------------------------------------------------------------------------------
  mIoU        : dice_heavy           (0.7285)
  Dice        : dice_heavy           (0.8096)
  S-alpha     : dice_heavy           (0.8291)
  E-phi       : dice_heavy           (0.9319)
  F-beta-w    : dice_heavy           (0.8009)
  MAE         : dice_heavy           (0.0427)
==========================================================================================
Comparison table saved to: results/ablation/ablation_comparison_table.txt

============================================
Ablation dice_heavy finished at Sun Mar  1 17:48:00 EST 2026
============================================
