============================================
Ablation Study: bce_only
Config: configs/ablation/bce_only.yaml
Started at Sun Mar  1 14:25:46 EST 2026
GPU: NVIDIA A100 80GB PCIe
Python: /SEAS/home/g37014071/.conda/envs/specialsam/bin/python
============================================

[Step 1/2] Training decoder: bce_only
Training for 15 epochs on 6080 samples...
  LR scheduler: cosine, warmup: 1 epochs
Epoch 1/15 | Loss: 0.0763 | LR: 1.00e-04
Epoch 2/15 | Loss: 0.0681 | LR: 1.00e-04
Epoch 3/15 | Loss: 0.0616 | LR: 9.88e-05
Epoch 4/15 | Loss: 0.0578 | LR: 9.51e-05
Epoch 5/15 | Loss: 0.0548 | LR: 8.92e-05
Epoch 6/15 | Loss: 0.0514 | LR: 8.14e-05
Epoch 7/15 | Loss: 0.0476 | LR: 7.20e-05
Epoch 8/15 | Loss: 0.0447 | LR: 6.15e-05
Epoch 9/15 | Loss: 0.0421 | LR: 5.05e-05
Epoch 10/15 | Loss: 0.0388 | LR: 3.95e-05
Epoch 11/15 | Loss: 0.0367 | LR: 2.90e-05
Epoch 12/15 | Loss: 0.0349 | LR: 1.96e-05
Epoch 13/15 | Loss: 0.0337 | LR: 1.18e-05
Epoch 14/15 | Loss: 0.0325 | LR: 5.90e-06
Epoch 15/15 | Loss: 0.0319 | LR: 2.24e-06
Saved decoder to checkpoints/ablation/camo_decoder_bce_only.pth
Training complete. Decoder saved to: checkpoints/ablation/camo_decoder_bce_only.pth

[Step 2/2] Evaluating decoder: bce_only

============================================================
Evaluating: bce_only
  Decoder:  checkpoints/ablation/camo_decoder_bce_only.pth
  Samples:  500
============================================================
Found 4000 images in data/cod10k/COD10K-v3/Test/Image
Found 4000 masks in data/cod10k/COD10K-v3/Test/GT_Object
Matched 4000 image-mask pairs
Using 500 samples (max_samples=500)

Evaluating SPECIALIZED model on 500 samples
  Testing: Center-of-Mass (Single)
    Processed 50/500
    Processed 100/500
    Processed 150/500
    Processed 200/500
    Processed 250/500
    Processed 300/500
    Processed 350/500
    Processed 400/500
    Processed 450/500
    Processed 500/500
    mIoU=0.7134, S-alpha=0.8234, MAE=0.0420
  Testing: Multi-Point Grid (4 pts)
    Processed 50/500
    Processed 100/500
    Processed 150/500
    Processed 200/500
    Processed 250/500
    Processed 300/500
    Processed 350/500
    Processed 400/500
    Processed 450/500
    Processed 500/500
    mIoU=0.7307, S-alpha=0.8375, MAE=0.0380

Results saved to: results/ablation/bce_only_results.csv

==========================================================================================
ABLATION STUDY: Loss Function Configuration Comparison
==========================================================================================

Prompt Strategy: Center-of-Mass (Single)
------------------------------------------------------------------------------------------
Variant                BCE  Dice    mIoU    Dice  S-alpha   E-phi F-beta-w     MAE   BndF1
------------------------------------------------------------------------------------------
bce_only                 ?     ?  0.7134  0.7955   0.8234  0.9259   0.7823  0.0420  0.6653


Prompt Strategy: Multi-Point Grid (4 pts)
------------------------------------------------------------------------------------------
Variant                BCE  Dice    mIoU    Dice  S-alpha   E-phi F-beta-w     MAE   BndF1
------------------------------------------------------------------------------------------
bce_only                 ?     ?  0.7307  0.8136   0.8375  0.9336   0.8088  0.0380  0.6794

==========================================================================================
BEST VARIANTS (first prompt strategy)
------------------------------------------------------------------------------------------
  mIoU        : bce_only             (0.7134)
  Dice        : bce_only             (0.7955)
  S-alpha     : bce_only             (0.8234)
  E-phi       : bce_only             (0.9259)
  F-beta-w    : bce_only             (0.7823)
  MAE         : bce_only             (0.0420)
==========================================================================================
Comparison table saved to: results/ablation/ablation_comparison_table.txt

============================================
Ablation bce_only finished at Sun Mar  1 16:11:18 EST 2026
============================================
