Starting LLPM training at Mon Mar  2 13:48:13 EST 2026
GPU: NVIDIA A100 80GB PCIe
Python: /SEAS/home/g37014071/.conda/envs/specialsam/bin/python
LLPM parameters: 30,981
Decoder parameters: 4,058,340
Found 6000 images in data/cod10k/COD10K-v3/Train/Image
Found 6000 masks in data/cod10k/COD10K-v3/Train/GT_Object
Matched 6000 image-mask pairs
Using all 6000 samples

Training LLPM+decoder for 15 epochs on 6000 samples...
  LR scheduler: cosine, warmup: 1 epochs
  Decoder warm-start from: checkpoints/camo_decoder_vith.pth
Epoch 1/15 | Loss: 0.1111 | LR: 5.00e-05 | alpha: 0.1034 | alpha_grad: 0.001210
Epoch 2/15 | Loss: 0.0829 | LR: 5.00e-05 | alpha: 0.1104 | alpha_grad: -0.000216
Epoch 3/15 | Loss: 0.0680 | LR: 4.94e-05 | alpha: 0.1188 | alpha_grad: -0.000671
Epoch 4/15 | Loss: 0.0603 | LR: 4.76e-05 | alpha: 0.1316 | alpha_grad: 0.000000
Epoch 5/15 | Loss: 0.0539 | LR: 4.47e-05 | alpha: 0.1422 | alpha_grad: 0.000012
Epoch 6/15 | Loss: 0.0525 | LR: 4.08e-05 | alpha: 0.1512 | alpha_grad: 0.000000
Epoch 7/15 | Loss: 0.0523 | LR: 3.61e-05 | alpha: 0.1626 | alpha_grad: -0.000000
Epoch 8/15 | Loss: 0.0490 | LR: 3.10e-05 | alpha: 0.1671 | alpha_grad: 0.000000
Epoch 9/15 | Loss: 0.0488 | LR: 2.55e-05 | alpha: 0.1730 | alpha_grad: 0.000439
Epoch 10/15 | Loss: 0.0467 | LR: 2.00e-05 | alpha: 0.1783 | alpha_grad: -0.000130
Epoch 11/15 | Loss: 0.0457 | LR: 1.49e-05 | alpha: 0.1817 | alpha_grad: -0.001615
Epoch 12/15 | Loss: 0.0439 | LR: 1.02e-05 | alpha: 0.1828 | alpha_grad: 0.018768
Epoch 13/15 | Loss: 0.0434 | LR: 6.35e-06 | alpha: 0.1837 | alpha_grad: 0.037140
Epoch 14/15 | Loss: 0.0439 | LR: 3.43e-06 | alpha: 0.1842 | alpha_grad: 0.000696
Epoch 15/15 | Loss: 0.0421 | LR: 1.61e-06 | alpha: 0.1847 | alpha_grad: -0.000179
Saved LLPM to checkpoints/llpm_vith.pth
Saved decoder to checkpoints/camo_decoder_llpm_vith.pth
Finished at Mon Mar  2 21:14:29 EST 2026
