Starting decoder training at Sat Feb 28 23:34:26 EST 2026
GPU: NVIDIA A100 80GB PCIe
Python: /SEAS/home/g37014071/.conda/envs/specialsam/bin/python
Training for 15 epochs on 6080 samples...
  LR scheduler: cosine, warmup: 1 epochs
Epoch 1/15 | Loss: 0.1417 | LR: 1.00e-04
Epoch 2/15 | Loss: 0.1297 | LR: 1.00e-04
Epoch 3/15 | Loss: 0.1183 | LR: 9.88e-05
Epoch 4/15 | Loss: 0.1154 | LR: 9.51e-05
Epoch 5/15 | Loss: 0.1094 | LR: 8.92e-05
Epoch 6/15 | Loss: 0.1050 | LR: 8.14e-05
Epoch 7/15 | Loss: 0.0996 | LR: 7.20e-05
Epoch 8/15 | Loss: 0.0935 | LR: 6.15e-05
Epoch 9/15 | Loss: 0.0899 | LR: 5.05e-05
Epoch 10/15 | Loss: 0.0842 | LR: 3.95e-05
Epoch 11/15 | Loss: 0.0800 | LR: 2.90e-05
Epoch 12/15 | Loss: 0.0774 | LR: 1.96e-05
Epoch 13/15 | Loss: 0.0751 | LR: 1.18e-05
Epoch 14/15 | Loss: 0.0721 | LR: 5.90e-06
Epoch 15/15 | Loss: 0.0717 | LR: 2.24e-06
Saved decoder to checkpoints/camo_decoder_vith.pth
Finished at Sun Mar  1 01:05:49 EST 2026
